// Vitest Snapshot v1, https://vitest.dev/guide/snapshot.html

exports[`renderMessageBlock > beginnt mit ## Nachricht und rendert Fixtures stabil (Snapshot) > multipart-alternative 1`] = `
"## Nachricht

Hallo,
der Termin verschiebt sich auf Donnerstag.

> Zitat der Vorgängermail"
`;

exports[`renderMessageBlock > beginnt mit ## Nachricht und rendert Fixtures stabil (Snapshot) > multipart-alternative-stub-plain 1`] = `
"## Nachricht

### Neuigkeiten

Erster Absatz mit [Link](https://example.com/a).

Zweiter Absatz, deutlich länger als der Plain-Stub, damit die Heuristik greift und HTML gewinnt.

Dritter Absatz mit zusätzlichen Informationen zum Newsletter, damit der HTML-Text insgesamt deutlich länger wird als der kurze Plain-Text-Stub am Anfang dieser Nachricht.

Vierter Absatz rundet die Testfixtur ab und sorgt dafür, dass die automatische Quellwahl beim Rendern zuverlässig HTML statt reinem Text bevorzugt, auch bei realistischer Länge.

Layout"
`;

exports[`renderMessageBlock > beginnt mit ## Nachricht und rendert Fixtures stabil (Snapshot) > multipart-related-inline 1`] = `
"## Nachricht

Siehe Bild:

(Inline-Bild: Logo)"
`;

exports[`renderMessageBlock > beginnt mit ## Nachricht und rendert Fixtures stabil (Snapshot) > utf8-plain 1`] = `
"## Nachricht

Schöne Grüße aus München — ß und €."
`;
